// Jest Snapshot v1, https://goo.gl/fbAQLP

exports[`to match the snapshot 1`] = `ShallowWrapper {}`;
